Archive member included to satisfy reference by file (symbol)

./libmyekfsoc.a(sox.o)        build_dir/test.o (sox_init)
./libmyekfsoc.a(soc.o)        ./libmyekfsoc.a(sox.o) (soc_init)
./libmyekfsoc.a(curve.o)      ./libmyekfsoc.a(soc.o) (s_cap_list_chg)
./libmyekfsoc.a(soh.o)        ./libmyekfsoc.a(sox.o) (soh_init)
./libmyekfsoc.a(soe.o)        ./libmyekfsoc.a(sox.o) (soe_init)
./libmyekfsoc.a(common.o)     ./libmyekfsoc.a(soc.o) (matrix_multiply)

Merging program properties

Removed property 0xc0000002 to merge /usr/bin/../lib64/gcc/x86_64-pc-linux-gnu/15.2.1/../../../../lib64/Scrt1.o (0x3) and build_dir/test.o (not found)
Removed property 0xc0010001 to merge /usr/bin/../lib64/gcc/x86_64-pc-linux-gnu/15.2.1/../../../../lib64/Scrt1.o (0x1) and build_dir/test.o (not found)
Removed property 0xc0010002 to merge /usr/bin/../lib64/gcc/x86_64-pc-linux-gnu/15.2.1/../../../../lib64/Scrt1.o (0x1) and build_dir/test.o (not found)
Removed property 0xc0000002 to merge /usr/bin/../lib64/gcc/x86_64-pc-linux-gnu/15.2.1/../../../../lib64/Scrt1.o (not found) and /usr/bin/../lib64/gcc/x86_64-pc-linux-gnu/15.2.1/crtendS.o (0x3)
Removed property 0xc0010001 to merge /usr/bin/../lib64/gcc/x86_64-pc-linux-gnu/15.2.1/../../../../lib64/Scrt1.o (not found) and /usr/bin/../lib64/gcc/x86_64-pc-linux-gnu/15.2.1/crtendS.o (0x1)
Removed property 0xc0010002 to merge /usr/bin/../lib64/gcc/x86_64-pc-linux-gnu/15.2.1/../../../../lib64/Scrt1.o (not found) and /usr/bin/../lib64/gcc/x86_64-pc-linux-gnu/15.2.1/crtendS.o (0x0)
Removed property 0xc0000002 to merge /usr/bin/../lib64/gcc/x86_64-pc-linux-gnu/15.2.1/../../../../lib64/Scrt1.o (not found) and /usr/bin/../lib64/gcc/x86_64-pc-linux-gnu/15.2.1/../../../../lib64/crtn.o (0x3)
Removed property 0xc0010001 to merge /usr/bin/../lib64/gcc/x86_64-pc-linux-gnu/15.2.1/../../../../lib64/Scrt1.o (not found) and /usr/bin/../lib64/gcc/x86_64-pc-linux-gnu/15.2.1/../../../../lib64/crtn.o (0x1)
Removed property 0xc0010002 to merge /usr/bin/../lib64/gcc/x86_64-pc-linux-gnu/15.2.1/../../../../lib64/Scrt1.o (not found) and /usr/bin/../lib64/gcc/x86_64-pc-linux-gnu/15.2.1/../../../../lib64/crtn.o (0x1)

Discarded input sections

 .rodata.cst4   0x0000000000000000        0x4 /usr/bin/../lib64/gcc/x86_64-pc-linux-gnu/15.2.1/../../../../lib64/Scrt1.o
 .sframe        0x0000000000000000        0x0 /usr/bin/../lib64/gcc/x86_64-pc-linux-gnu/15.2.1/../../../../lib64/Scrt1.o
 .data          0x0000000000000000        0x4 /usr/bin/../lib64/gcc/x86_64-pc-linux-gnu/15.2.1/../../../../lib64/Scrt1.o
 .bss           0x0000000000000000        0x0 /usr/bin/../lib64/gcc/x86_64-pc-linux-gnu/15.2.1/../../../../lib64/Scrt1.o
 .gnu_debuglink
                0x0000000000000000       0x14 /usr/bin/../lib64/gcc/x86_64-pc-linux-gnu/15.2.1/../../../../lib64/Scrt1.o
 .text          0x0000000000000000        0x0 /usr/bin/../lib64/gcc/x86_64-pc-linux-gnu/15.2.1/../../../../lib64/crti.o
 .data          0x0000000000000000        0x0 /usr/bin/../lib64/gcc/x86_64-pc-linux-gnu/15.2.1/../../../../lib64/crti.o
 .bss           0x0000000000000000        0x0 /usr/bin/../lib64/gcc/x86_64-pc-linux-gnu/15.2.1/../../../../lib64/crti.o
 .note.gnu.property
                0x0000000000000000       0x50 /usr/bin/../lib64/gcc/x86_64-pc-linux-gnu/15.2.1/../../../../lib64/crti.o
 .gnu_debuglink
                0x0000000000000000       0x14 /usr/bin/../lib64/gcc/x86_64-pc-linux-gnu/15.2.1/../../../../lib64/crti.o
 .data          0x0000000000000000        0x0 /usr/bin/../lib64/gcc/x86_64-pc-linux-gnu/15.2.1/crtbeginS.o
 .note.gnu.property
                0x0000000000000000       0x50 /usr/bin/../lib64/gcc/x86_64-pc-linux-gnu/15.2.1/crtbeginS.o
 .gnu_debuglink
                0x0000000000000000       0x18 /usr/bin/../lib64/gcc/x86_64-pc-linux-gnu/15.2.1/crtbeginS.o
 .text          0x0000000000000000        0x0 build_dir/test.o
 .data.s_init_grpsoh
                0x0000000000000000        0x4 build_dir/test.o
 .bss.s_init_cycleCount
                0x0000000000000000        0x4 build_dir/test.o
 .llvm_addrsig  0x0000000000000000       0x1b build_dir/test.o
 .text          0x0000000000000000        0x0 build_dir/port_linux.o
 .llvm_addrsig  0x0000000000000000        0x9 build_dir/port_linux.o
 .text          0x0000000000000000        0x0 ./libmyekfsoc.a(sox.o)
 .text.sox_manual_set_soc
                0x0000000000000000       0xc7 ./libmyekfsoc.a(sox.o)
 .text.sox_manual_set_soh
                0x0000000000000000       0x72 ./libmyekfsoc.a(sox.o)
 .text.sox_manual_set_acc_chg_dsg
                0x0000000000000000       0x44 ./libmyekfsoc.a(sox.o)
 .text.get_cell_soc
                0x0000000000000000       0x1f ./libmyekfsoc.a(sox.o)
 .text.get_cell_soh
                0x0000000000000000       0x1f ./libmyekfsoc.a(sox.o)
 .text.get_group_soh
                0x0000000000000000       0x11 ./libmyekfsoc.a(sox.o)
 .text.get_cycle_count
                0x0000000000000000       0x11 ./libmyekfsoc.a(sox.o)
 .text.get_sig_chg_wh
                0x0000000000000000       0x11 ./libmyekfsoc.a(sox.o)
 .text.get_sig_dsg_wh
                0x0000000000000000       0x11 ./libmyekfsoc.a(sox.o)
 .text.get_acc_chg_wh
                0x0000000000000000       0x11 ./libmyekfsoc.a(sox.o)
 .text.get_acc_dsg_wh
                0x0000000000000000       0x11 ./libmyekfsoc.a(sox.o)
 .text.get_acc_chg_ah
                0x0000000000000000       0x11 ./libmyekfsoc.a(sox.o)
 .text.get_acc_dsg_ah
                0x0000000000000000       0x11 ./libmyekfsoc.a(sox.o)
 .text.get_cell_soh_ary
                0x0000000000000000       0x29 ./libmyekfsoc.a(sox.o)
 .llvm_addrsig  0x0000000000000000       0x1f ./libmyekfsoc.a(sox.o)
 .text          0x0000000000000000        0x0 ./libmyekfsoc.a(soc.o)
 .text.getEKF_Q
                0x0000000000000000       0xe4 ./libmyekfsoc.a(soc.o)
 .llvm_addrsig  0x0000000000000000       0x5e ./libmyekfsoc.a(soc.o)
 .text          0x0000000000000000        0x0 ./libmyekfsoc.a(curve.o)
 .rodata.v_5d2c_chg
                0x0000000000000000       0x3a ./libmyekfsoc.a(curve.o)
 .rodata.k_5d2c_chg
                0x0000000000000000       0x3a ./libmyekfsoc.a(curve.o)
 .rodata.v_15d3c_chg
                0x0000000000000000       0x3a ./libmyekfsoc.a(curve.o)
 .rodata.k_15d3c_chg
                0x0000000000000000       0x3a ./libmyekfsoc.a(curve.o)
 .rodata.v_15d4c_chg
                0x0000000000000000       0x3a ./libmyekfsoc.a(curve.o)
 .rodata.k_15d4c_chg
                0x0000000000000000       0x3a ./libmyekfsoc.a(curve.o)
 .rodata.v_15d5c_chg
                0x0000000000000000       0x3a ./libmyekfsoc.a(curve.o)
 .rodata.k_15d5c_chg
                0x0000000000000000       0x3a ./libmyekfsoc.a(curve.o)
 .llvm_addrsig  0x0000000000000000       0x51 ./libmyekfsoc.a(curve.o)
 .text          0x0000000000000000        0x0 ./libmyekfsoc.a(soh.o)
 .llvm_addrsig  0x0000000000000000       0x12 ./libmyekfsoc.a(soh.o)
 .text          0x0000000000000000        0x0 ./libmyekfsoc.a(soe.o)
 .llvm_addrsig  0x0000000000000000       0x12 ./libmyekfsoc.a(soe.o)
 .text          0x0000000000000000        0x0 ./libmyekfsoc.a(common.o)
 .text.bubbleSort_ascend
                0x0000000000000000       0xe9 ./libmyekfsoc.a(common.o)
 .text.bubbleSort_ascend_duble
                0x0000000000000000       0xf2 ./libmyekfsoc.a(common.o)
 .llvm_addrsig  0x0000000000000000        0x0 ./libmyekfsoc.a(common.o)
 .text          0x0000000000000000        0x0 /usr/bin/../lib64/gcc/x86_64-pc-linux-gnu/15.2.1/crtendS.o
 .data          0x0000000000000000        0x0 /usr/bin/../lib64/gcc/x86_64-pc-linux-gnu/15.2.1/crtendS.o
 .bss           0x0000000000000000        0x0 /usr/bin/../lib64/gcc/x86_64-pc-linux-gnu/15.2.1/crtendS.o
 .note.gnu.property
                0x0000000000000000       0x50 /usr/bin/../lib64/gcc/x86_64-pc-linux-gnu/15.2.1/crtendS.o
 .gnu_debuglink
                0x0000000000000000       0x14 /usr/bin/../lib64/gcc/x86_64-pc-linux-gnu/15.2.1/crtendS.o
 .text          0x0000000000000000        0x0 /usr/bin/../lib64/gcc/x86_64-pc-linux-gnu/15.2.1/../../../../lib64/crtn.o
 .data          0x0000000000000000        0x0 /usr/bin/../lib64/gcc/x86_64-pc-linux-gnu/15.2.1/../../../../lib64/crtn.o
 .bss           0x0000000000000000        0x0 /usr/bin/../lib64/gcc/x86_64-pc-linux-gnu/15.2.1/../../../../lib64/crtn.o
 .note.gnu.property
                0x0000000000000000       0x50 /usr/bin/../lib64/gcc/x86_64-pc-linux-gnu/15.2.1/../../../../lib64/crtn.o
 .gnu_debuglink
                0x0000000000000000       0x14 /usr/bin/../lib64/gcc/x86_64-pc-linux-gnu/15.2.1/../../../../lib64/crtn.o

Memory Configuration

Name             Origin             Length             Attributes
*default*        0x0000000000000000 0xffffffffffffffff

Linker script and memory map

LOAD /usr/bin/../lib64/gcc/x86_64-pc-linux-gnu/15.2.1/../../../../lib64/Scrt1.o
LOAD /usr/bin/../lib64/gcc/x86_64-pc-linux-gnu/15.2.1/../../../../lib64/crti.o
LOAD /usr/bin/../lib64/gcc/x86_64-pc-linux-gnu/15.2.1/crtbeginS.o
LOAD build_dir/test.o
LOAD build_dir/port_linux.o
LOAD ./libmyekfsoc.a
LOAD /usr/bin/../lib64/gcc/x86_64-pc-linux-gnu/15.2.1/../../../../lib64/libm.so
START GROUP
LOAD /usr/lib/libm.so.6
LOAD /usr/lib/libmvec.so.1
END GROUP
LOAD /usr/bin/../lib64/gcc/x86_64-pc-linux-gnu/15.2.1/../../../../lib64/libxlsxio_read.so
LOAD /usr/bin/../lib64/gcc/x86_64-pc-linux-gnu/15.2.1/libgcc.a
LOAD /usr/bin/../lib64/gcc/x86_64-pc-linux-gnu/15.2.1/../../../../lib64/libgcc_s.so
START GROUP
LOAD /usr/bin/../lib64/gcc/x86_64-pc-linux-gnu/15.2.1/../../../../lib64/libgcc_s.so.1
LOAD /usr/bin/../lib64/gcc/x86_64-pc-linux-gnu/15.2.1/libgcc.a
END GROUP
LOAD /usr/bin/../lib64/gcc/x86_64-pc-linux-gnu/15.2.1/../../../../lib64/libc.so
START GROUP
LOAD /usr/lib/libc.so.6
LOAD /usr/lib/libc_nonshared.a
LOAD /usr/lib/ld-linux-x86-64.so.2
END GROUP
LOAD /usr/bin/../lib64/gcc/x86_64-pc-linux-gnu/15.2.1/libgcc.a
LOAD /usr/bin/../lib64/gcc/x86_64-pc-linux-gnu/15.2.1/../../../../lib64/libgcc_s.so
START GROUP
LOAD /usr/bin/../lib64/gcc/x86_64-pc-linux-gnu/15.2.1/../../../../lib64/libgcc_s.so.1
LOAD /usr/bin/../lib64/gcc/x86_64-pc-linux-gnu/15.2.1/libgcc.a
END GROUP
LOAD /usr/bin/../lib64/gcc/x86_64-pc-linux-gnu/15.2.1/crtendS.o
LOAD /usr/bin/../lib64/gcc/x86_64-pc-linux-gnu/15.2.1/../../../../lib64/crtn.o
                [!provide]                        PROVIDE (__executable_start = SEGMENT_START ("text-segment", 0x0))
                0x0000000000000350                . = (SEGMENT_START ("text-segment", 0x0) + SIZEOF_HEADERS)

.note.gnu.property
                0x0000000000000350       0x20
 .note.gnu.property
                0x0000000000000350       0x20 /usr/bin/../lib64/gcc/x86_64-pc-linux-gnu/15.2.1/../../../../lib64/Scrt1.o

.note.gnu.build-id
                0x0000000000000370       0x24
 *(.note.gnu.build-id)
 .note.gnu.build-id
                0x0000000000000370       0x24 /usr/bin/../lib64/gcc/x86_64-pc-linux-gnu/15.2.1/../../../../lib64/Scrt1.o

.interp         0x0000000000000394       0x1c
 *(.interp)
 .interp        0x0000000000000394       0x1c /usr/bin/../lib64/gcc/x86_64-pc-linux-gnu/15.2.1/../../../../lib64/Scrt1.o

.hash
 *(.hash)

.gnu.hash       0x00000000000003b0       0x1c
 *(.gnu.hash)
 .gnu.hash      0x00000000000003b0       0x1c /usr/bin/../lib64/gcc/x86_64-pc-linux-gnu/15.2.1/../../../../lib64/Scrt1.o

.dynsym         0x00000000000003d0      0x2d0
 *(.dynsym)
 .dynsym        0x00000000000003d0      0x2d0 /usr/bin/../lib64/gcc/x86_64-pc-linux-gnu/15.2.1/../../../../lib64/Scrt1.o

.dynstr         0x00000000000006a0      0x1c7
 *(.dynstr)
 .dynstr        0x00000000000006a0      0x1c7 /usr/bin/../lib64/gcc/x86_64-pc-linux-gnu/15.2.1/../../../../lib64/Scrt1.o

.gnu.version    0x0000000000000868       0x3c
 *(.gnu.version)
 .gnu.version   0x0000000000000868       0x3c /usr/bin/../lib64/gcc/x86_64-pc-linux-gnu/15.2.1/../../../../lib64/Scrt1.o

.gnu.version_d  0x00000000000008a8        0x0
 *(.gnu.version_d)
 .gnu.version_d
                0x00000000000008a8        0x0 /usr/bin/../lib64/gcc/x86_64-pc-linux-gnu/15.2.1/../../../../lib64/Scrt1.o

.gnu.version_r  0x00000000000008a8       0x70
 *(.gnu.version_r)
 .gnu.version_r
                0x00000000000008a8       0x70 /usr/bin/../lib64/gcc/x86_64-pc-linux-gnu/15.2.1/../../../../lib64/Scrt1.o

.rela.dyn       0x0000000000000918     0x1050
 *(.rela.init)
 *(.rela.text .rela.text.* .rela.gnu.linkonce.t.*)
 *(.rela.fini)
 *(.rela.rodata .rela.rodata.* .rela.gnu.linkonce.r.*)
 *(.rela.data .rela.data.* .rela.gnu.linkonce.d.*)
 .rela.data.rel.ro
                0x0000000000000918        0x0 /usr/bin/../lib64/gcc/x86_64-pc-linux-gnu/15.2.1/../../../../lib64/Scrt1.o
 .rela.data.rel.local
                0x0000000000000918       0x18 /usr/bin/../lib64/gcc/x86_64-pc-linux-gnu/15.2.1/../../../../lib64/Scrt1.o
 .rela.data.rel.ro..L__const.main.attr
                0x0000000000000930       0x30 /usr/bin/../lib64/gcc/x86_64-pc-linux-gnu/15.2.1/../../../../lib64/Scrt1.o
 .rela.data.temp_ocv
                0x0000000000000960       0x18 /usr/bin/../lib64/gcc/x86_64-pc-linux-gnu/15.2.1/../../../../lib64/Scrt1.o
 .rela.data.s_chg_curve
                0x0000000000000978      0x3c0 /usr/bin/../lib64/gcc/x86_64-pc-linux-gnu/15.2.1/../../../../lib64/Scrt1.o
 .rela.data.s_chg_curve_k
                0x0000000000000d38      0x3c0 /usr/bin/../lib64/gcc/x86_64-pc-linux-gnu/15.2.1/../../../../lib64/Scrt1.o
 .rela.data.s_dsg_curve
                0x00000000000010f8      0x3c0 /usr/bin/../lib64/gcc/x86_64-pc-linux-gnu/15.2.1/../../../../lib64/Scrt1.o
 .rela.data.s_dsg_curve_k
                0x00000000000014b8      0x3c0 /usr/bin/../lib64/gcc/x86_64-pc-linux-gnu/15.2.1/../../../../lib64/Scrt1.o
 *(.rela.tdata .rela.tdata.* .rela.gnu.linkonce.td.*)
 *(.rela.tbss .rela.tbss.* .rela.gnu.linkonce.tb.*)
 *(.rela.ctors)
 *(.rela.dtors)
 *(.rela.got)
 .rela.got      0x0000000000001878       0xc0 /usr/bin/../lib64/gcc/x86_64-pc-linux-gnu/15.2.1/../../../../lib64/Scrt1.o
 *(.rela.bss .rela.bss.* .rela.gnu.linkonce.b.*)
 .rela.bss      0x0000000000001938        0x0 /usr/bin/../lib64/gcc/x86_64-pc-linux-gnu/15.2.1/../../../../lib64/Scrt1.o
 *(.rela.ldata .rela.ldata.* .rela.gnu.linkonce.l.*)
 *(.rela.lbss .rela.lbss.* .rela.gnu.linkonce.lb.*)
 *(.rela.lrodata .rela.lrodata.* .rela.gnu.linkonce.lr.*)
 *(.rela.ifunc)
 .rela.ifunc    0x0000000000001938        0x0 /usr/bin/../lib64/gcc/x86_64-pc-linux-gnu/15.2.1/../../../../lib64/Scrt1.o
 .rela.fini_array
                0x0000000000001938       0x18 /usr/bin/../lib64/gcc/x86_64-pc-linux-gnu/15.2.1/../../../../lib64/Scrt1.o
 .rela.init_array
                0x0000000000001950       0x18 /usr/bin/../lib64/gcc/x86_64-pc-linux-gnu/15.2.1/../../../../lib64/Scrt1.o

.rela.plt       0x0000000000001968      0x1f8
 *(.rela.plt)
 .rela.plt      0x0000000000001968      0x1f8 /usr/bin/../lib64/gcc/x86_64-pc-linux-gnu/15.2.1/../../../../lib64/Scrt1.o
 *(.rela.iplt)

.relr.dyn
 *(.relr.dyn)
                0x0000000000002000                . = ALIGN (CONSTANT (MAXPAGESIZE))

.init           0x0000000000002000       0x1b
 *(SORT_NONE(.init))
 .init          0x0000000000002000       0x16 /usr/bin/../lib64/gcc/x86_64-pc-linux-gnu/15.2.1/../../../../lib64/crti.o
                0x0000000000002000                _init
 .init          0x0000000000002016        0x5 /usr/bin/../lib64/gcc/x86_64-pc-linux-gnu/15.2.1/../../../../lib64/crtn.o

.plt            0x0000000000002020      0x160
 *(.plt)
 .plt           0x0000000000002020      0x160 /usr/bin/../lib64/gcc/x86_64-pc-linux-gnu/15.2.1/../../../../lib64/Scrt1.o
                0x0000000000002030                printf@@GLIBC_2.2.5
                0x0000000000002040                memset@@GLIBC_2.2.5
                0x0000000000002050                __assert_fail@@GLIBC_2.2.5
                0x0000000000002060                getopt@@GLIBC_2.2.5
                0x0000000000002070                malloc@@GLIBC_2.2.5
                0x0000000000002080                fopen@@GLIBC_2.2.5
                0x0000000000002090                xlsxioread_sheet_next_cell_float
                0x00000000000020a0                system@@GLIBC_2.2.5
                0x00000000000020b0                xlsxioread_sheet_open
                0x00000000000020c0                strlen@@GLIBC_2.2.5
                0x00000000000020d0                xlsxioread_open
                0x00000000000020e0                atoi@@GLIBC_2.2.5
                0x00000000000020f0                __stack_chk_fail@@GLIBC_2.4
                0x0000000000002100                xlsxioread_sheet_next_row
                0x0000000000002110                memcmp@@GLIBC_2.2.5
                0x0000000000002120                fclose@@GLIBC_2.2.5
                0x0000000000002130                xlsxioread_close
                0x0000000000002140                round@@GLIBC_2.2.5
                0x0000000000002150                fprintf@@GLIBC_2.2.5
                0x0000000000002160                xlsxioread_sheet_close
                0x0000000000002170                memcpy@@GLIBC_2.14
 *(.iplt)

.plt.got        0x0000000000002180        0x0
 *(.plt.got)
 .plt.got       0x0000000000002180        0x0 /usr/bin/../lib64/gcc/x86_64-pc-linux-gnu/15.2.1/../../../../lib64/Scrt1.o

.plt.sec
 *(.plt.sec)

.text           0x0000000000002180     0x54a2
 *(.text.unlikely .text.*_unlikely .text.unlikely.*)
 *(.text.exit .text.exit.*)
 *(.text.startup .text.startup.*)
 *(.text.hot .text.hot.*)
 *(SORT_BY_NAME(.text.sorted.*))
 *(.text .stub .text.* .gnu.linkonce.t.*)
 .text          0x0000000000002180       0x26 /usr/bin/../lib64/gcc/x86_64-pc-linux-gnu/15.2.1/../../../../lib64/Scrt1.o
                0x0000000000002180                _start
 *fill*         0x00000000000021a6        0xa 
 .text          0x00000000000021b0       0xc9 /usr/bin/../lib64/gcc/x86_64-pc-linux-gnu/15.2.1/crtbeginS.o
 *fill*         0x0000000000002279        0x7 
 .text.main     0x0000000000002280      0x965 build_dir/test.o
                0x0000000000002280                main
 *fill*         0x0000000000002be5        0xb 
 .text.timebase_get_time_s
                0x0000000000002bf0        0xf build_dir/port_linux.o
                0x0000000000002bf0                timebase_get_time_s
 *fill*         0x0000000000002bff        0x1 
 .text.read_saved_soc
                0x0000000000002c00       0x39 build_dir/port_linux.o
                0x0000000000002c00                read_saved_soc
 *fill*         0x0000000000002c39        0x7 
 .text.write_saved_soc
                0x0000000000002c40       0x97 build_dir/port_linux.o
                0x0000000000002c40                write_saved_soc
 *fill*         0x0000000000002cd7        0x9 
 .text.read_saved_soc_group
                0x0000000000002ce0       0x1c build_dir/port_linux.o
                0x0000000000002ce0                read_saved_soc_group
 *fill*         0x0000000000002cfc        0x4 
 .text.write_saved_soc_group
                0x0000000000002d00       0x7a build_dir/port_linux.o
                0x0000000000002d00                write_saved_soc_group
 *fill*         0x0000000000002d7a        0x6 
 .text.read_saved_soh
                0x0000000000002d80       0x1c build_dir/port_linux.o
                0x0000000000002d80                read_saved_soh
 *fill*         0x0000000000002d9c        0x4 
 .text.write_saved_soh
                0x0000000000002da0        0xc build_dir/port_linux.o
                0x0000000000002da0                write_saved_soh
 *fill*         0x0000000000002dac        0x4 
 .text.read_saved_cycle
                0x0000000000002db0       0x16 build_dir/port_linux.o
                0x0000000000002db0                read_saved_cycle
 *fill*         0x0000000000002dc6        0xa 
 .text.write_saved_cycle
                0x0000000000002dd0        0xb build_dir/port_linux.o
                0x0000000000002dd0                write_saved_cycle
 *fill*         0x0000000000002ddb        0x5 
 .text.read_saved_soe
                0x0000000000002de0       0x58 build_dir/port_linux.o
                0x0000000000002de0                read_saved_soe
 *fill*         0x0000000000002e38        0x8 
 .text.write_saved_soe
                0x0000000000002e40       0x1c build_dir/port_linux.o
                0x0000000000002e40                write_saved_soe
 *fill*         0x0000000000002e5c        0x4 
 .text.sox_init
                0x0000000000002e60       0x4c ./libmyekfsoc.a(sox.o)
                0x0000000000002e60                sox_init
 *fill*         0x0000000000002eac        0x4 
 .text.sox_task
                0x0000000000002eb0       0xc7 ./libmyekfsoc.a(sox.o)
                0x0000000000002eb0                sox_task
 *fill*         0x0000000000002f77        0x9 
 .text.sox_input
                0x0000000000002f80       0xab ./libmyekfsoc.a(sox.o)
 *fill*         0x000000000000302b        0x5 
 .text.get_group_soc
                0x0000000000003030       0x11 ./libmyekfsoc.a(sox.o)
                0x0000000000003030                get_group_soc
 *fill*         0x0000000000003041        0xf 
 .text.get_cell_soc_ary
                0x0000000000003050       0x29 ./libmyekfsoc.a(sox.o)
                0x0000000000003050                get_cell_soc_ary
 *fill*         0x0000000000003079        0x7 
 .text.check_current_group_state
                0x0000000000003080      0x326 ./libmyekfsoc.a(soc.o)
                0x0000000000003080                check_current_group_state
 *fill*         0x00000000000033a6        0xa 
 .text.mysoc_pureAH
                0x00000000000033b0      0x1dc ./libmyekfsoc.a(soc.o)
                0x00000000000033b0                mysoc_pureAH
 *fill*         0x000000000000358c        0x4 
 .text.get_cap  0x0000000000003590      0x3b3 ./libmyekfsoc.a(soc.o)
 *fill*         0x0000000000003943        0xd 
 .text.mysoc_smooth
                0x0000000000003950      0x352 ./libmyekfsoc.a(soc.o)
                0x0000000000003950                mysoc_smooth
 *fill*         0x0000000000003ca2        0xe 
 .text.mysocEKF
                0x0000000000003cb0      0x8f9 ./libmyekfsoc.a(soc.o)
                0x0000000000003cb0                mysocEKF
 *fill*         0x00000000000045a9        0x7 
 .text.get_curve_v
                0x00000000000045b0       0x36 ./libmyekfsoc.a(soc.o)
 *fill*         0x00000000000045e6        0xa 
 .text.get_curve_k
                0x00000000000045f0       0x36 ./libmyekfsoc.a(soc.o)
 *fill*         0x0000000000004626        0xa 
 .text.getEKF_R
                0x0000000000004630      0x23b ./libmyekfsoc.a(soc.o)
 *fill*         0x000000000000486b        0x5 
 .text.mysoc    0x0000000000004870      0x11b ./libmyekfsoc.a(soc.o)
                0x0000000000004870                mysoc
 *fill*         0x000000000000498b        0x5 
 .text.soc_init
                0x0000000000004990      0x44f ./libmyekfsoc.a(soc.o)
                0x0000000000004990                soc_init
 *fill*         0x0000000000004ddf        0x1 
 .text.vol2soc_batch
                0x0000000000004de0       0x5f ./libmyekfsoc.a(soc.o)
 *fill*         0x0000000000004e3f        0x1 
 .text.soc_save
                0x0000000000004e40      0x1c7 ./libmyekfsoc.a(soc.o)
                0x0000000000004e40                soc_save
 *fill*         0x0000000000005007        0x9 
 .text.soc_task
                0x0000000000005010      0x562 ./libmyekfsoc.a(soc.o)
                0x0000000000005010                soc_task
 *fill*         0x0000000000005572        0xe 
 .text.get_v    0x0000000000005580      0x20b ./libmyekfsoc.a(soc.o)
 *fill*         0x000000000000578b        0x5 
 .text.get_k    0x0000000000005790      0x20b ./libmyekfsoc.a(soc.o)
 *fill*         0x000000000000599b        0x5 
 .text.vol2soc  0x00000000000059a0       0x9c ./libmyekfsoc.a(soc.o)
 *fill*         0x0000000000005a3c        0x4 
 .text.gropuSOC
                0x0000000000005a40      0xc44 ./libmyekfsoc.a(soc.o)
 *fill*         0x0000000000006684        0xc 
 .text.soh_init
                0x0000000000006690      0x2e9 ./libmyekfsoc.a(soh.o)
                0x0000000000006690                soh_init
 *fill*         0x0000000000006979        0x7 
 .text.soh_save
                0x0000000000006980       0xba ./libmyekfsoc.a(soh.o)
                0x0000000000006980                soh_save
 *fill*         0x0000000000006a3a        0x6 
 .text.soh_task
                0x0000000000006a40      0x3e9 ./libmyekfsoc.a(soh.o)
                0x0000000000006a40                soh_task
 *fill*         0x0000000000006e29        0x7 
 .text.soe_init
                0x0000000000006e30       0xf7 ./libmyekfsoc.a(soe.o)
                0x0000000000006e30                soe_init
 *fill*         0x0000000000006f27        0x9 
 .text.soe_save
                0x0000000000006f30       0xe2 ./libmyekfsoc.a(soe.o)
                0x0000000000006f30                soe_save
 *fill*         0x0000000000007012        0xe 
 .text.soe_task
                0x0000000000007020      0x32e ./libmyekfsoc.a(soe.o)
                0x0000000000007020                soe_task
 *fill*         0x000000000000734e        0x2 
 .text.matrix_multiply
                0x0000000000007350       0xe5 ./libmyekfsoc.a(common.o)
                0x0000000000007350                matrix_multiply
 *fill*         0x0000000000007435        0xb 
 .text.inverse_matrix_2x2
                0x0000000000007440       0xe1 ./libmyekfsoc.a(common.o)
                0x0000000000007440                inverse_matrix_2x2
 *fill*         0x0000000000007521        0xf 
 .text.bubbleSort_ascend_float
                0x0000000000007530       0xf2 ./libmyekfsoc.a(common.o)
                0x0000000000007530                bubbleSort_ascend_float
 *(.gnu.warning)

.fini           0x0000000000007624        0xd
 *(SORT_NONE(.fini))
 .fini          0x0000000000007624        0x8 /usr/bin/../lib64/gcc/x86_64-pc-linux-gnu/15.2.1/../../../../lib64/crti.o
                0x0000000000007624                _fini
 .fini          0x000000000000762c        0x5 /usr/bin/../lib64/gcc/x86_64-pc-linux-gnu/15.2.1/../../../../lib64/crtn.o
                [!provide]                        PROVIDE (__etext = .)
                [!provide]                        PROVIDE (_etext = .)
                [!provide]                        PROVIDE (etext = .)
                0x0000000000008000                . = ALIGN (CONSTANT (MAXPAGESIZE))
                0x0000000000008000                . = SEGMENT_START ("rodata-segment", (ALIGN (CONSTANT (MAXPAGESIZE)) + (. & (CONSTANT (MAXPAGESIZE) - 0x1))))

.rodata         0x0000000000008000     0x18e0
 *(.rodata .rodata.* .gnu.linkonce.r.*)
 .rodata.str1.1
                0x0000000000008000      0x29d build_dir/test.o
                                        0x15f (size before relaxing)
 *fill*         0x000000000000829d        0x3 
 .rodata.cst4   0x00000000000082a0       0x88 build_dir/port_linux.o
                                          0x4 (size before relaxing)
 .rodata.str1.1
                0x0000000000008328        0x0 build_dir/port_linux.o
                                         0x31 (size before relaxing)
 .rodata.cst4   0x0000000000008328        0x0 ./libmyekfsoc.a(sox.o)
                                          0x4 (size before relaxing)
 *fill*         0x0000000000008328        0x8 
 .rodata.cst16  0x0000000000008330       0x20 ./libmyekfsoc.a(sox.o)
                                         0x10 (size before relaxing)
 .rodata.cst4   0x0000000000008350        0x0 ./libmyekfsoc.a(soc.o)
                                         0xf4 (size before relaxing)
 .rodata.cst16  0x0000000000008350        0x0 ./libmyekfsoc.a(soc.o)
                                         0x60 (size before relaxing)
 .rodata.check_current_group_state
                0x0000000000008350       0x10 ./libmyekfsoc.a(soc.o)
 .rodata.cst8   0x0000000000008360       0x80 ./libmyekfsoc.a(soc.o)
                                         0x88 (size before relaxing)
 .rodata.cst32  0x00000000000083e0       0x20 ./libmyekfsoc.a(soc.o)
 .rodata.str1.1
                0x0000000000008400        0x0 ./libmyekfsoc.a(soc.o)
                                        0x115 (size before relaxing)
 .rodata.s_cap_list_chg
                0x0000000000008400       0x50 ./libmyekfsoc.a(curve.o)
                0x0000000000008400                s_cap_list_chg
 .rodata.s_cap_list_dsg
                0x0000000000008450       0x50 ./libmyekfsoc.a(curve.o)
                0x0000000000008450                s_cap_list_dsg
 .rodata.temp_ocv_25
                0x00000000000084a0       0x2a ./libmyekfsoc.a(curve.o)
                0x00000000000084a0                temp_ocv_25
 *fill*         0x00000000000084ca        0x6 
 .rodata.v_5d1c_chg
                0x00000000000084d0       0x3a ./libmyekfsoc.a(curve.o)
                0x00000000000084d0                v_5d1c_chg
 *fill*         0x000000000000850a        0x6 
 .rodata.k_5d1c_chg
                0x0000000000008510       0x3a ./libmyekfsoc.a(curve.o)
                0x0000000000008510                k_5d1c_chg
 *fill*         0x000000000000854a        0x6 
 .rodata.v_5d1c_dsg
                0x0000000000008550       0x3a ./libmyekfsoc.a(curve.o)
                0x0000000000008550                v_5d1c_dsg
 *fill*         0x000000000000858a        0x6 
 .rodata.k_5d1c_dsg
                0x0000000000008590       0x3a ./libmyekfsoc.a(curve.o)
                0x0000000000008590                k_5d1c_dsg
 *fill*         0x00000000000085ca        0x6 
 .rodata.v_5d2c_dsg
                0x00000000000085d0       0x3a ./libmyekfsoc.a(curve.o)
                0x00000000000085d0                v_5d2c_dsg
 *fill*         0x000000000000860a        0x6 
 .rodata.k_5d2c_dsg
                0x0000000000008610       0x3a ./libmyekfsoc.a(curve.o)
                0x0000000000008610                k_5d2c_dsg
 *fill*         0x000000000000864a        0x6 
 .rodata.v_15d1c_chg
                0x0000000000008650       0x3a ./libmyekfsoc.a(curve.o)
                0x0000000000008650                v_15d1c_chg
 *fill*         0x000000000000868a        0x6 
 .rodata.k_15d1c_chg
                0x0000000000008690       0x3a ./libmyekfsoc.a(curve.o)
                0x0000000000008690                k_15d1c_chg
 *fill*         0x00000000000086ca        0x6 
 .rodata.v_15d1c_dsg
                0x00000000000086d0       0x3a ./libmyekfsoc.a(curve.o)
                0x00000000000086d0                v_15d1c_dsg
 *fill*         0x000000000000870a        0x6 
 .rodata.k_15d1c_dsg
                0x0000000000008710       0x3a ./libmyekfsoc.a(curve.o)
                0x0000000000008710                k_15d1c_dsg
 *fill*         0x000000000000874a        0x6 
 .rodata.v_15d2c_chg
                0x0000000000008750       0x3a ./libmyekfsoc.a(curve.o)
                0x0000000000008750                v_15d2c_chg
 *fill*         0x000000000000878a        0x6 
 .rodata.k_15d2c_chg
                0x0000000000008790       0x3a ./libmyekfsoc.a(curve.o)
                0x0000000000008790                k_15d2c_chg
 *fill*         0x00000000000087ca        0x6 
 .rodata.v_15d2c_dsg
                0x00000000000087d0       0x3a ./libmyekfsoc.a(curve.o)
                0x00000000000087d0                v_15d2c_dsg
 *fill*         0x000000000000880a        0x6 
 .rodata.k_15d2c_dsg
                0x0000000000008810       0x3a ./libmyekfsoc.a(curve.o)
                0x0000000000008810                k_15d2c_dsg
 *fill*         0x000000000000884a        0x6 
 .rodata.v_15d3c_dsg
                0x0000000000008850       0x3a ./libmyekfsoc.a(curve.o)
                0x0000000000008850                v_15d3c_dsg
 *fill*         0x000000000000888a        0x6 
 .rodata.k_15d3c_dsg
                0x0000000000008890       0x3a ./libmyekfsoc.a(curve.o)
                0x0000000000008890                k_15d3c_dsg
 *fill*         0x00000000000088ca        0x6 
 .rodata.v_15d4c_dsg
                0x00000000000088d0       0x3a ./libmyekfsoc.a(curve.o)
                0x00000000000088d0                v_15d4c_dsg
 *fill*         0x000000000000890a        0x6 
 .rodata.k_15d4c_dsg
                0x0000000000008910       0x3a ./libmyekfsoc.a(curve.o)
                0x0000000000008910                k_15d4c_dsg
 *fill*         0x000000000000894a        0x6 
 .rodata.v_15d5c_dsg
                0x0000000000008950       0x3a ./libmyekfsoc.a(curve.o)
                0x0000000000008950                v_15d5c_dsg
 *fill*         0x000000000000898a        0x6 
 .rodata.k_15d5c_dsg
                0x0000000000008990       0x3a ./libmyekfsoc.a(curve.o)
                0x0000000000008990                k_15d5c_dsg
 *fill*         0x00000000000089ca        0x6 
 .rodata.v_25d1c_chg
                0x00000000000089d0       0x3a ./libmyekfsoc.a(curve.o)
                0x00000000000089d0                v_25d1c_chg
 *fill*         0x0000000000008a0a        0x6 
 .rodata.k_25d1c_chg
                0x0000000000008a10       0x3a ./libmyekfsoc.a(curve.o)
                0x0000000000008a10                k_25d1c_chg
 *fill*         0x0000000000008a4a        0x6 
 .rodata.v_25d1c_dsg
                0x0000000000008a50       0x3a ./libmyekfsoc.a(curve.o)
                0x0000000000008a50                v_25d1c_dsg
 *fill*         0x0000000000008a8a        0x6 
 .rodata.k_25d1c_dsg
                0x0000000000008a90       0x3a ./libmyekfsoc.a(curve.o)
                0x0000000000008a90                k_25d1c_dsg
 *fill*         0x0000000000008aca        0x6 
 .rodata.v_25d2c_chg
                0x0000000000008ad0       0x3a ./libmyekfsoc.a(curve.o)
                0x0000000000008ad0                v_25d2c_chg
 *fill*         0x0000000000008b0a        0x6 
 .rodata.k_25d2c_chg
                0x0000000000008b10       0x3a ./libmyekfsoc.a(curve.o)
                0x0000000000008b10                k_25d2c_chg
 *fill*         0x0000000000008b4a        0x6 
 .rodata.v_25d2c_dsg
                0x0000000000008b50       0x3a ./libmyekfsoc.a(curve.o)
                0x0000000000008b50                v_25d2c_dsg
 *fill*         0x0000000000008b8a        0x6 
 .rodata.k_25d2c_dsg
                0x0000000000008b90       0x3a ./libmyekfsoc.a(curve.o)
                0x0000000000008b90                k_25d2c_dsg
 *fill*         0x0000000000008bca        0x6 
 .rodata.v_25d3c_chg
                0x0000000000008bd0       0x3a ./libmyekfsoc.a(curve.o)
                0x0000000000008bd0                v_25d3c_chg
 *fill*         0x0000000000008c0a        0x6 
 .rodata.k_25d3c_chg
                0x0000000000008c10       0x3a ./libmyekfsoc.a(curve.o)
                0x0000000000008c10                k_25d3c_chg
 *fill*         0x0000000000008c4a        0x6 
 .rodata.v_25d3c_dsg
                0x0000000000008c50       0x3a ./libmyekfsoc.a(curve.o)
                0x0000000000008c50                v_25d3c_dsg
 *fill*         0x0000000000008c8a        0x6 
 .rodata.k_25d3c_dsg
                0x0000000000008c90       0x3a ./libmyekfsoc.a(curve.o)
                0x0000000000008c90                k_25d3c_dsg
 *fill*         0x0000000000008cca        0x6 
 .rodata.v_25d4c_chg
                0x0000000000008cd0       0x3a ./libmyekfsoc.a(curve.o)
                0x0000000000008cd0                v_25d4c_chg
 *fill*         0x0000000000008d0a        0x6 
 .rodata.k_25d4c_chg
                0x0000000000008d10       0x3a ./libmyekfsoc.a(curve.o)
                0x0000000000008d10                k_25d4c_chg
 *fill*         0x0000000000008d4a        0x6 
 .rodata.v_25d4c_dsg
                0x0000000000008d50       0x3a ./libmyekfsoc.a(curve.o)
                0x0000000000008d50                v_25d4c_dsg
 *fill*         0x0000000000008d8a        0x6 
 .rodata.k_25d4c_dsg
                0x0000000000008d90       0x3a ./libmyekfsoc.a(curve.o)
                0x0000000000008d90                k_25d4c_dsg
 *fill*         0x0000000000008dca        0x6 
 .rodata.v_25d5c_chg
                0x0000000000008dd0       0x3a ./libmyekfsoc.a(curve.o)
                0x0000000000008dd0                v_25d5c_chg
 *fill*         0x0000000000008e0a        0x6 
 .rodata.k_25d5c_chg
                0x0000000000008e10       0x3a ./libmyekfsoc.a(curve.o)
                0x0000000000008e10                k_25d5c_chg
 *fill*         0x0000000000008e4a        0x6 
 .rodata.v_25d5c_dsg
                0x0000000000008e50       0x3a ./libmyekfsoc.a(curve.o)
                0x0000000000008e50                v_25d5c_dsg
 *fill*         0x0000000000008e8a        0x6 
 .rodata.k_25d5c_dsg
                0x0000000000008e90       0x3a ./libmyekfsoc.a(curve.o)
                0x0000000000008e90                k_25d5c_dsg
 *fill*         0x0000000000008eca        0x6 
 .rodata.v_35d1c_chg
                0x0000000000008ed0       0x3a ./libmyekfsoc.a(curve.o)
                0x0000000000008ed0                v_35d1c_chg
 *fill*         0x0000000000008f0a        0x6 
 .rodata.k_35d1c_chg
                0x0000000000008f10       0x3a ./libmyekfsoc.a(curve.o)
                0x0000000000008f10                k_35d1c_chg
 *fill*         0x0000000000008f4a        0x6 
 .rodata.v_35d1c_dsg
                0x0000000000008f50       0x3a ./libmyekfsoc.a(curve.o)
                0x0000000000008f50                v_35d1c_dsg
 *fill*         0x0000000000008f8a        0x6 
 .rodata.k_35d1c_dsg
                0x0000000000008f90       0x3a ./libmyekfsoc.a(curve.o)
                0x0000000000008f90                k_35d1c_dsg
 *fill*         0x0000000000008fca        0x6 
 .rodata.v_35d2c_chg
                0x0000000000008fd0       0x3a ./libmyekfsoc.a(curve.o)
                0x0000000000008fd0                v_35d2c_chg
 *fill*         0x000000000000900a        0x6 
 .rodata.k_35d2c_chg
                0x0000000000009010       0x3a ./libmyekfsoc.a(curve.o)
                0x0000000000009010                k_35d2c_chg
 *fill*         0x000000000000904a        0x6 
 .rodata.v_35d2c_dsg
                0x0000000000009050       0x3a ./libmyekfsoc.a(curve.o)
                0x0000000000009050                v_35d2c_dsg
 *fill*         0x000000000000908a        0x6 
 .rodata.k_35d2c_dsg
                0x0000000000009090       0x3a ./libmyekfsoc.a(curve.o)
                0x0000000000009090                k_35d2c_dsg
 *fill*         0x00000000000090ca        0x6 
 .rodata.v_35d3c_chg
                0x00000000000090d0       0x3a ./libmyekfsoc.a(curve.o)
                0x00000000000090d0                v_35d3c_chg
 *fill*         0x000000000000910a        0x6 
 .rodata.k_35d3c_chg
                0x0000000000009110       0x3a ./libmyekfsoc.a(curve.o)
                0x0000000000009110                k_35d3c_chg
 *fill*         0x000000000000914a        0x6 
 .rodata.v_35d3c_dsg
                0x0000000000009150       0x3a ./libmyekfsoc.a(curve.o)
                0x0000000000009150                v_35d3c_dsg
 *fill*         0x000000000000918a        0x6 
 .rodata.k_35d3c_dsg
                0x0000000000009190       0x3a ./libmyekfsoc.a(curve.o)
                0x0000000000009190                k_35d3c_dsg
 *fill*         0x00000000000091ca        0x6 
 .rodata.v_35d4c_chg
                0x00000000000091d0       0x3a ./libmyekfsoc.a(curve.o)
                0x00000000000091d0                v_35d4c_chg
 *fill*         0x000000000000920a        0x6 
 .rodata.k_35d4c_chg
                0x0000000000009210       0x3a ./libmyekfsoc.a(curve.o)
                0x0000000000009210                k_35d4c_chg
 *fill*         0x000000000000924a        0x6 
 .rodata.v_35d4c_dsg
                0x0000000000009250       0x3a ./libmyekfsoc.a(curve.o)
                0x0000000000009250                v_35d4c_dsg
 *fill*         0x000000000000928a        0x6 
 .rodata.k_35d4c_dsg
                0x0000000000009290       0x3a ./libmyekfsoc.a(curve.o)
                0x0000000000009290                k_35d4c_dsg
 *fill*         0x00000000000092ca        0x6 
 .rodata.v_35d5c_chg
                0x00000000000092d0       0x3a ./libmyekfsoc.a(curve.o)
                0x00000000000092d0                v_35d5c_chg
 *fill*         0x000000000000930a        0x6 
 .rodata.k_35d5c_chg
                0x0000000000009310       0x3a ./libmyekfsoc.a(curve.o)
                0x0000000000009310                k_35d5c_chg
 *fill*         0x000000000000934a        0x6 
 .rodata.v_35d5c_dsg
                0x0000000000009350       0x3a ./libmyekfsoc.a(curve.o)
                0x0000000000009350                v_35d5c_dsg
 *fill*         0x000000000000938a        0x6 
 .rodata.k_35d5c_dsg
                0x0000000000009390       0x3a ./libmyekfsoc.a(curve.o)
                0x0000000000009390                k_35d5c_dsg
 *fill*         0x00000000000093ca        0x6 
 .rodata.v_45d1c_chg
                0x00000000000093d0       0x3a ./libmyekfsoc.a(curve.o)
                0x00000000000093d0                v_45d1c_chg
 *fill*         0x000000000000940a        0x6 
 .rodata.k_45d1c_chg
                0x0000000000009410       0x3a ./libmyekfsoc.a(curve.o)
                0x0000000000009410                k_45d1c_chg
 *fill*         0x000000000000944a        0x6 
 .rodata.v_45d1c_dsg
                0x0000000000009450       0x3a ./libmyekfsoc.a(curve.o)
                0x0000000000009450                v_45d1c_dsg
 *fill*         0x000000000000948a        0x6 
 .rodata.k_45d1c_dsg
                0x0000000000009490       0x3a ./libmyekfsoc.a(curve.o)
                0x0000000000009490                k_45d1c_dsg
 *fill*         0x00000000000094ca        0x6 
 .rodata.v_45d2c_chg
                0x00000000000094d0       0x3a ./libmyekfsoc.a(curve.o)
                0x00000000000094d0                v_45d2c_chg
 *fill*         0x000000000000950a        0x6 
 .rodata.k_45d2c_chg
                0x0000000000009510       0x3a ./libmyekfsoc.a(curve.o)
                0x0000000000009510                k_45d2c_chg
 *fill*         0x000000000000954a        0x6 
 .rodata.v_45d2c_dsg
                0x0000000000009550       0x3a ./libmyekfsoc.a(curve.o)
                0x0000000000009550                v_45d2c_dsg
 *fill*         0x000000000000958a        0x6 
 .rodata.k_45d2c_dsg
                0x0000000000009590       0x3a ./libmyekfsoc.a(curve.o)
                0x0000000000009590                k_45d2c_dsg
 *fill*         0x00000000000095ca        0x6 
 .rodata.v_45d3c_chg
                0x00000000000095d0       0x3a ./libmyekfsoc.a(curve.o)
                0x00000000000095d0                v_45d3c_chg
 *fill*         0x000000000000960a        0x6 
 .rodata.k_45d3c_chg
                0x0000000000009610       0x3a ./libmyekfsoc.a(curve.o)
                0x0000000000009610                k_45d3c_chg
 *fill*         0x000000000000964a        0x6 
 .rodata.v_45d3c_dsg
                0x0000000000009650       0x3a ./libmyekfsoc.a(curve.o)
                0x0000000000009650                v_45d3c_dsg
 *fill*         0x000000000000968a        0x6 
 .rodata.k_45d3c_dsg
                0x0000000000009690       0x3a ./libmyekfsoc.a(curve.o)
                0x0000000000009690                k_45d3c_dsg
 *fill*         0x00000000000096ca        0x6 
 .rodata.v_45d4c_chg
                0x00000000000096d0       0x3a ./libmyekfsoc.a(curve.o)
                0x00000000000096d0                v_45d4c_chg
 *fill*         0x000000000000970a        0x6 
 .rodata.k_45d4c_chg
                0x0000000000009710       0x3a ./libmyekfsoc.a(curve.o)
                0x0000000000009710                k_45d4c_chg
 *fill*         0x000000000000974a        0x6 
 .rodata.v_45d4c_dsg
                0x0000000000009750       0x3a ./libmyekfsoc.a(curve.o)
                0x0000000000009750                v_45d4c_dsg
 *fill*         0x000000000000978a        0x6 
 .rodata.k_45d4c_dsg
                0x0000000000009790       0x3a ./libmyekfsoc.a(curve.o)
                0x0000000000009790                k_45d4c_dsg
 *fill*         0x00000000000097ca        0x6 
 .rodata.v_45d5c_chg
                0x00000000000097d0       0x3a ./libmyekfsoc.a(curve.o)
                0x00000000000097d0                v_45d5c_chg
 *fill*         0x000000000000980a        0x6 
 .rodata.k_45d5c_chg
                0x0000000000009810       0x3a ./libmyekfsoc.a(curve.o)
                0x0000000000009810                k_45d5c_chg
 *fill*         0x000000000000984a        0x6 
 .rodata.v_45d5c_dsg
                0x0000000000009850       0x3a ./libmyekfsoc.a(curve.o)
                0x0000000000009850                v_45d5c_dsg
 *fill*         0x000000000000988a        0x6 
 .rodata.k_45d5c_dsg
                0x0000000000009890       0x3a ./libmyekfsoc.a(curve.o)
                0x0000000000009890                k_45d5c_dsg
 .rodata.cst4   0x00000000000098ca        0x0 ./libmyekfsoc.a(soh.o)
                                         0x1c (size before relaxing)
 .rodata.cst8   0x00000000000098ca        0x0 ./libmyekfsoc.a(soh.o)
                                         0x50 (size before relaxing)
 .rodata.cst16  0x00000000000098ca        0x0 ./libmyekfsoc.a(soh.o)
                                         0x10 (size before relaxing)
 .rodata.cst4   0x00000000000098ca        0x0 ./libmyekfsoc.a(soe.o)
                                         0x10 (size before relaxing)
 .rodata.cst16  0x00000000000098ca        0x0 ./libmyekfsoc.a(soe.o)
                                         0x10 (size before relaxing)
 *fill*         0x00000000000098ca        0x2 
 .rodata.soe_task
                0x00000000000098cc       0x14 ./libmyekfsoc.a(soe.o)

.rodata1
 *(.rodata1)

.eh_frame_hdr   0x00000000000098e0      0x174
 *(.eh_frame_hdr)
 .eh_frame_hdr  0x00000000000098e0      0x174 /usr/bin/../lib64/gcc/x86_64-pc-linux-gnu/15.2.1/../../../../lib64/Scrt1.o
                0x00000000000098e0                __GNU_EH_FRAME_HDR
 *(.eh_frame_entry .eh_frame_entry.*)

.eh_frame       0x0000000000009a58      0x5dc
 *(.eh_frame)
 .eh_frame      0x0000000000009a58       0x30 /usr/bin/../lib64/gcc/x86_64-pc-linux-gnu/15.2.1/../../../../lib64/Scrt1.o
                                         0x2c (size before relaxing)
 *fill*         0x0000000000009a88        0x0 
 .eh_frame      0x0000000000009a88       0x28 /usr/bin/../lib64/gcc/x86_64-pc-linux-gnu/15.2.1/../../../../lib64/Scrt1.o
                                         0x40 (size before relaxing)
 .eh_frame      0x0000000000009ab0        0x0 /usr/bin/../lib64/gcc/x86_64-pc-linux-gnu/15.2.1/../../../../lib64/Scrt1.o
 .eh_frame      0x0000000000009ab0       0x28 build_dir/test.o
                                         0x40 (size before relaxing)
 .eh_frame      0x0000000000009ad8      0x160 build_dir/port_linux.o
                                        0x178 (size before relaxing)
 .eh_frame      0x0000000000009c38       0xa0 ./libmyekfsoc.a(sox.o)
                                        0x278 (size before relaxing)
 .eh_frame      0x0000000000009cd8      0x230 ./libmyekfsoc.a(soc.o)
                                        0x268 (size before relaxing)
 .eh_frame      0x0000000000009f08       0x68 ./libmyekfsoc.a(soh.o)
                                         0x80 (size before relaxing)
 .eh_frame      0x0000000000009f70       0x60 ./libmyekfsoc.a(soe.o)
                                         0x78 (size before relaxing)
 .eh_frame      0x0000000000009fd0       0x60 ./libmyekfsoc.a(common.o)
                                         0xb8 (size before relaxing)
 .eh_frame      0x000000000000a030        0x4 /usr/bin/../lib64/gcc/x86_64-pc-linux-gnu/15.2.1/crtendS.o
 *(.eh_frame.*)

.sframe         0x000000000000a034        0x0
 *(.sframe)
 .sframe        0x000000000000a034        0x0 /usr/bin/../lib64/gcc/x86_64-pc-linux-gnu/15.2.1/../../../../lib64/Scrt1.o
 .sframe        0x000000000000a034        0x0 /usr/bin/../lib64/gcc/x86_64-pc-linux-gnu/15.2.1/../../../../lib64/Scrt1.o
 *(.sframe.*)

.gcc_except_table
 *(.gcc_except_table .gcc_except_table.*)

.gnu_extab
 *(.gnu_extab*)

.exception_ranges
 *(.exception_ranges*)

.note.build-id
 *(.note.build-id)

.note.GNU-stack
                0x000000000000a034        0x0
 *(.note.GNU-stack)
 .note.GNU-stack
                0x000000000000a034        0x0 /usr/bin/../lib64/gcc/x86_64-pc-linux-gnu/15.2.1/../../../../lib64/Scrt1.o
 .note.GNU-stack
                0x000000000000a034        0x0 /usr/bin/../lib64/gcc/x86_64-pc-linux-gnu/15.2.1/../../../../lib64/crti.o
 .note.GNU-stack
                0x000000000000a034        0x0 /usr/bin/../lib64/gcc/x86_64-pc-linux-gnu/15.2.1/crtbeginS.o
 .note.GNU-stack
                0x000000000000a034        0x0 build_dir/test.o
 .note.GNU-stack
                0x000000000000a034        0x0 build_dir/port_linux.o
 .note.GNU-stack
                0x000000000000a034        0x0 ./libmyekfsoc.a(sox.o)
 .note.GNU-stack
                0x000000000000a034        0x0 ./libmyekfsoc.a(soc.o)
 .note.GNU-stack
                0x000000000000a034        0x0 ./libmyekfsoc.a(curve.o)
 .note.GNU-stack
                0x000000000000a034        0x0 ./libmyekfsoc.a(soh.o)
 .note.GNU-stack
                0x000000000000a034        0x0 ./libmyekfsoc.a(soe.o)
 .note.GNU-stack
                0x000000000000a034        0x0 ./libmyekfsoc.a(common.o)
 .note.GNU-stack
                0x000000000000a034        0x0 /usr/bin/../lib64/gcc/x86_64-pc-linux-gnu/15.2.1/crtendS.o
 .note.GNU-stack
                0x000000000000a034        0x0 /usr/bin/../lib64/gcc/x86_64-pc-linux-gnu/15.2.1/../../../../lib64/crtn.o

.note.gnu-property
 *(.note.gnu-property)

.note.ABI-tag   0x000000000000a034       0x20
 *(.note.ABI-tag)
 .note.ABI-tag  0x000000000000a034       0x20 /usr/bin/../lib64/gcc/x86_64-pc-linux-gnu/15.2.1/../../../../lib64/Scrt1.o

.note.package
 *(.note.package)

.note.dlopen
 *(.note.dlopen)

.note.netbsd.ident
 *(.note.netbsd.ident)

.note.openbsd.ident
 *(.note.openbsd.ident)
                0x000000000000bd88                . = DATA_SEGMENT_ALIGN (CONSTANT (MAXPAGESIZE), CONSTANT (COMMONPAGESIZE))

.eh_frame
 *(.eh_frame)
 *(.eh_frame.*)

.sframe
 *(.sframe)
 *(.sframe.*)

.gnu_extab
 *(.gnu_extab)

.gcc_except_table
 *(.gcc_except_table .gcc_except_table.*)

.exception_ranges
 *(.exception_ranges*)

.tdata          0x000000000000bd88        0x0
                [!provide]                        PROVIDE (__tdata_start = .)
 *(.tdata .tdata.* .gnu.linkonce.td.*)

.tbss
 *(.tbss .tbss.* .gnu.linkonce.tb.*)
 *(.tcommon)

.preinit_array  0x000000000000bd88        0x0
                [!provide]                        PROVIDE (__preinit_array_start = .)
 *(.preinit_array)
                [!provide]                        PROVIDE (__preinit_array_end = .)

.init_array     0x000000000000bd88        0x8
                [!provide]                        PROVIDE (__init_array_start = .)
 *(SORT_BY_INIT_PRIORITY(.init_array.*) SORT_BY_INIT_PRIORITY(.ctors.*))
 *(.init_array EXCLUDE_FILE(*crtend?.o *crtend.o *crtbegin?.o *crtbegin.o) .ctors)
 .init_array    0x000000000000bd88        0x8 /usr/bin/../lib64/gcc/x86_64-pc-linux-gnu/15.2.1/crtbeginS.o
                [!provide]                        PROVIDE (__init_array_end = .)

.fini_array     0x000000000000bd90        0x8
                [!provide]                        PROVIDE (__fini_array_start = .)
 *(SORT_BY_INIT_PRIORITY(.fini_array.*) SORT_BY_INIT_PRIORITY(.dtors.*))
 *(.fini_array EXCLUDE_FILE(*crtend?.o *crtend.o *crtbegin?.o *crtbegin.o) .dtors)
 .fini_array    0x000000000000bd90        0x8 /usr/bin/../lib64/gcc/x86_64-pc-linux-gnu/15.2.1/crtbeginS.o
                [!provide]                        PROVIDE (__fini_array_end = .)

.ctors
 *crtbegin.o(.ctors)
 *crtbegin?.o(.ctors)
 *(EXCLUDE_FILE(*crtend?.o *crtend.o) .ctors)
 *(SORT_BY_NAME(.ctors.*))
 *(.ctors)

.dtors
 *crtbegin.o(.dtors)
 *crtbegin?.o(.dtors)
 *(EXCLUDE_FILE(*crtend?.o *crtend.o) .dtors)
 *(SORT_BY_NAME(.dtors.*))
 *(.dtors)

.jcr
 *(.jcr)

.data.rel.ro    0x000000000000bd98       0x10
 *(.data.rel.ro.local* .gnu.linkonce.d.rel.ro.local.*)
 *(.data.rel.ro .data.rel.ro.* .gnu.linkonce.d.rel.ro.*)
 .data.rel.ro   0x000000000000bd98        0x0 /usr/bin/../lib64/gcc/x86_64-pc-linux-gnu/15.2.1/../../../../lib64/Scrt1.o
 .data.rel.ro..L__const.main.attr
                0x000000000000bd98       0x10 build_dir/test.o

.dynamic        0x000000000000bda8      0x200
 *(.dynamic)
 .dynamic       0x000000000000bda8      0x200 /usr/bin/../lib64/gcc/x86_64-pc-linux-gnu/15.2.1/../../../../lib64/Scrt1.o
                0x000000000000bda8                _DYNAMIC

.got            0x000000000000bfa8       0x40
 *(.got)
 .got           0x000000000000bfa8       0x40 /usr/bin/../lib64/gcc/x86_64-pc-linux-gnu/15.2.1/../../../../lib64/Scrt1.o
 *(.igot)
                0x000000000000bfe8                . = DATA_SEGMENT_RELRO_END (., (SIZEOF (.got.plt) >= 0x18)?0x18:0x0)

.got.plt        0x000000000000bfe8       0xc0
 *(.got.plt)
 .got.plt       0x000000000000bfe8       0xc0 /usr/bin/../lib64/gcc/x86_64-pc-linux-gnu/15.2.1/../../../../lib64/Scrt1.o
                0x000000000000bfe8                _GLOBAL_OFFSET_TABLE_
 *(.igot.plt)

.data           0x000000000000c0b0      0x550
 *(.data .data.* .gnu.linkonce.d.*)
 .data.rel.local
                0x000000000000c0b0        0x8 /usr/bin/../lib64/gcc/x86_64-pc-linux-gnu/15.2.1/crtbeginS.o
                0x000000000000c0b0                __dso_handle
 .data.s_chg_stop_vol
                0x000000000000c0b8        0x2 build_dir/test.o
                0x000000000000c0b8                s_chg_stop_vol
 .data.s_dsg_stop_vol
                0x000000000000c0ba        0x2 build_dir/test.o
                0x000000000000c0ba                s_dsg_stop_vol
 .data.gropuSOC.grp_soc_p
                0x000000000000c0bc        0x4 ./libmyekfsoc.a(soc.o)
 .data.temp_ocv
                0x000000000000c0c0       0x40 ./libmyekfsoc.a(curve.o)
                0x000000000000c0c0                temp_ocv
 .data.s_chg_curve
                0x000000000000c100      0x140 ./libmyekfsoc.a(curve.o)
                0x000000000000c100                s_chg_curve
 .data.s_chg_curve_k
                0x000000000000c240      0x140 ./libmyekfsoc.a(curve.o)
                0x000000000000c240                s_chg_curve_k
 .data.s_dsg_curve
                0x000000000000c380      0x140 ./libmyekfsoc.a(curve.o)
                0x000000000000c380                s_dsg_curve
 .data.s_dsg_curve_k
                0x000000000000c4c0      0x140 ./libmyekfsoc.a(curve.o)
                0x000000000000c4c0                s_dsg_curve_k

.tm_clone_table
                0x000000000000c600        0x0
 .tm_clone_table
                0x000000000000c600        0x0 /usr/bin/../lib64/gcc/x86_64-pc-linux-gnu/15.2.1/crtbeginS.o
 .tm_clone_table
                0x000000000000c600        0x0 /usr/bin/../lib64/gcc/x86_64-pc-linux-gnu/15.2.1/crtendS.o

.data1
 *(.data1)
                0x000000000000c600                _edata = .
                [!provide]                        PROVIDE (edata = .)
                0x000000000000c600                . = ALIGN (ALIGNOF (NEXT_SECTION))
                0x000000000000c600                __bss_start = .

.bss            0x000000000000c600      0x598
 *(.dynbss)
 .dynbss        0x000000000000c600        0x0 /usr/bin/../lib64/gcc/x86_64-pc-linux-gnu/15.2.1/../../../../lib64/Scrt1.o
 *(.bss .bss.* .gnu.linkonce.b.*)
 .bss           0x000000000000c600        0x1 /usr/bin/../lib64/gcc/x86_64-pc-linux-gnu/15.2.1/crtbeginS.o
 *fill*         0x000000000000c601        0x3 
 .bss.g_excel_second
                0x000000000000c604        0x4 build_dir/test.o
                0x000000000000c604                g_excel_second
 .bss.s_init_accChgAH
                0x000000000000c608        0x4 build_dir/port_linux.o
                0x000000000000c608                s_init_accChgAH
 .bss.s_init_accChgWH
                0x000000000000c60c        0x4 build_dir/port_linux.o
                0x000000000000c60c                s_init_accChgWH
 .bss.s_init_accDsgAH
                0x000000000000c610        0x4 build_dir/port_linux.o
                0x000000000000c610                s_init_accDsgAH
 .bss.s_init_accDsgWH
                0x000000000000c614        0x4 build_dir/port_linux.o
                0x000000000000c614                s_init_accDsgWH
 .bss.g_port_init_soc
                0x000000000000c618        0x4 build_dir/port_linux.o
                0x000000000000c618                g_port_init_soc
 *fill*         0x000000000000c61c        0x4 
 .bss.g_chg_stop_vol
                0x000000000000c620        0x8 ./libmyekfsoc.a(sox.o)
                0x000000000000c620                g_chg_stop_vol
 .bss.g_dsg_stop_vol
                0x000000000000c628        0x8 ./libmyekfsoc.a(sox.o)
                0x000000000000c628                g_dsg_stop_vol
 .bss.g_full    0x000000000000c630        0x1 ./libmyekfsoc.a(sox.o)
                0x000000000000c630                g_full
 .bss.g_empty   0x000000000000c631        0x1 ./libmyekfsoc.a(sox.o)
                0x000000000000c631                g_empty
 *fill*         0x000000000000c632        0x2 
 .bss.sox_task.standby_save
                0x000000000000c634        0x4 ./libmyekfsoc.a(sox.o)
 .bss.g_cur     0x000000000000c638        0x4 ./libmyekfsoc.a(sox.o)
                0x000000000000c638                g_cur
 *fill*         0x000000000000c63c        0x4 
 .bss.g_celSOC  0x000000000000c640       0x40 ./libmyekfsoc.a(sox.o)
                0x000000000000c640                g_celSOC
 .bss.g_grpSOC  0x000000000000c680        0x4 ./libmyekfsoc.a(sox.o)
                0x000000000000c680                g_grpSOC
 *fill*         0x000000000000c684        0xc 
 .bss.g_celSOH  0x000000000000c690       0x40 ./libmyekfsoc.a(sox.o)
                0x000000000000c690                g_celSOH
 .bss.g_grpSOH  0x000000000000c6d0        0x4 ./libmyekfsoc.a(sox.o)
                0x000000000000c6d0                g_grpSOH
 .bss.g_cycleCount
                0x000000000000c6d4        0x4 ./libmyekfsoc.a(sox.o)
                0x000000000000c6d4                g_cycleCount
 .bss.g_accChgWH
                0x000000000000c6d8        0x4 ./libmyekfsoc.a(sox.o)
                0x000000000000c6d8                g_accChgWH
 .bss.g_accDsgWH
                0x000000000000c6dc        0x4 ./libmyekfsoc.a(sox.o)
                0x000000000000c6dc                g_accDsgWH
 .bss.g_sigChgWH
                0x000000000000c6e0        0x4 ./libmyekfsoc.a(sox.o)
                0x000000000000c6e0                g_sigChgWH
 .bss.g_sigDsgWH
                0x000000000000c6e4        0x4 ./libmyekfsoc.a(sox.o)
                0x000000000000c6e4                g_sigDsgWH
 .bss.g_accChgAH
                0x000000000000c6e8        0x4 ./libmyekfsoc.a(sox.o)
                0x000000000000c6e8                g_accChgAH
 .bss.g_accDsgAH
                0x000000000000c6ec        0x4 ./libmyekfsoc.a(sox.o)
                0x000000000000c6ec                g_accDsgAH
 .bss.g_grpVol  0x000000000000c6f0        0x4 ./libmyekfsoc.a(sox.o)
                0x000000000000c6f0                g_grpVol
 *fill*         0x000000000000c6f4        0xc 
 .bss.g_celVol  0x000000000000c700       0x20 ./libmyekfsoc.a(sox.o)
                0x000000000000c700                g_celVol
 .bss.g_celTmp  0x000000000000c720       0x20 ./libmyekfsoc.a(sox.o)
                0x000000000000c720                g_celTmp
 .bss.g_group_state
                0x000000000000c740        0x4 ./libmyekfsoc.a(soc.o)
 .bss.trans_dsg_acc_time
                0x000000000000c744        0x4 ./libmyekfsoc.a(soc.o)
 .bss.trans_chg_acc_time
                0x000000000000c748        0x4 ./libmyekfsoc.a(soc.o)
 .bss.last_group_state
                0x000000000000c74c        0x4 ./libmyekfsoc.a(soc.o)
 .bss.standby_hold_time
                0x000000000000c750        0x4 ./libmyekfsoc.a(soc.o)
 *fill*         0x000000000000c754        0xc 
 .bss.g_socInfo
                0x000000000000c760      0x380 ./libmyekfsoc.a(soc.o)
                0x000000000000c760                g_socInfo
 .bss.soc_save.last_save
                0x000000000000cae0        0x4 ./libmyekfsoc.a(soc.o)
 .bss.soc_save.save
                0x000000000000cae4        0x1 ./libmyekfsoc.a(soc.o)
 .bss.soc_save.grp_save
                0x000000000000cae5        0x1 ./libmyekfsoc.a(soc.o)
 *fill*         0x000000000000cae6        0xa 
 .bss.soc_save.lastsoc
                0x000000000000caf0       0x40 ./libmyekfsoc.a(soc.o)
 .bss.soc_save.last_grpsoc
                0x000000000000cb30        0x4 ./libmyekfsoc.a(soc.o)
 .bss.soc_task.s_standby_timeCount
                0x000000000000cb34        0x4 ./libmyekfsoc.a(soc.o)
 .bss.gropuSOC.cal_grp_soc
                0x000000000000cb38        0x4 ./libmyekfsoc.a(soc.o)
 .bss.gropuSOC.grp_soc_init
                0x000000000000cb3c        0x1 ./libmyekfsoc.a(soc.o)
 *fill*         0x000000000000cb3d        0x3 
 .bss.gropuSOC.smooth_count
                0x000000000000cb40        0x4 ./libmyekfsoc.a(soc.o)
 *fill*         0x000000000000cb44        0xc 
 .bss.s_lastSOC
                0x000000000000cb50       0x20 ./libmyekfsoc.a(soh.o)
 .bss.s_lastGrpSOC
                0x000000000000cb70        0x2 ./libmyekfsoc.a(soh.o)
 *fill*         0x000000000000cb72        0x2 
 .bss.soh_save.last_cycleCount
                0x000000000000cb74        0x4 ./libmyekfsoc.a(soh.o)
 .bss.soh_save.save_time
                0x000000000000cb78        0x4 ./libmyekfsoc.a(soh.o)
 .bss.soe_task.state
                0x000000000000cb7c        0x4 ./libmyekfsoc.a(soe.o)
 .bss.soe_task.lastState
                0x000000000000cb80        0x4 ./libmyekfsoc.a(soe.o)
 .bss.soe_save.last_accDsgWH
                0x000000000000cb84        0x4 ./libmyekfsoc.a(soe.o)
 .bss.soe_save.last_accChgWH
                0x000000000000cb88        0x4 ./libmyekfsoc.a(soe.o)
 .bss.soe_save.save_flag
                0x000000000000cb8c        0x1 ./libmyekfsoc.a(soe.o)
 *fill*         0x000000000000cb8d        0x3 
 .bss.soe_save.last_time
                0x000000000000cb90        0x4 ./libmyekfsoc.a(soe.o)
 *(COMMON)
                0x000000000000cb98                . = ALIGN ((. != 0x0)?0x8:0x1)
 *fill*         0x000000000000cb94        0x4 

.lbss
 *(.dynlbss)
 *(.lbss .lbss.* .gnu.linkonce.lb.*)
 *(LARGE_COMMON)
                0x000000000000cb98                . = ALIGN (0x8)
                0x000000000000cb98                . = SEGMENT_START ("ldata-segment", .)

.lrodata
 *(.lrodata .lrodata.* .gnu.linkonce.lr.*)

.ldata          0x000000000000eb98        0x0
 *(.ldata .ldata.* .gnu.linkonce.l.*)
                0x000000000000eb98                . = ALIGN ((. != 0x0)?0x8:0x1)
                0x000000000000eb98                . = ALIGN (0x8)
                0x000000000000cb98                _end = .
                [!provide]                        PROVIDE (end = .)
                0x000000000000eb98                . = DATA_SEGMENT_END (.)

.stab
 *(.stab)

.stabstr
 *(.stabstr)

.stab.excl
 *(.stab.excl)

.stab.exclstr
 *(.stab.exclstr)

.stab.index
 *(.stab.index)

.stab.indexstr
 *(.stab.indexstr)

.comment        0x0000000000000000       0x30
 *(.comment)
 .comment       0x0000000000000000       0x30 /usr/bin/../lib64/gcc/x86_64-pc-linux-gnu/15.2.1/../../../../lib64/Scrt1.o
                                         0x38 (size before relaxing)
 .comment       0x0000000000000030        0x0 /usr/bin/../lib64/gcc/x86_64-pc-linux-gnu/15.2.1/crtbeginS.o
                                         0x1c (size before relaxing)
 .comment       0x0000000000000030        0x0 build_dir/test.o
                                         0x16 (size before relaxing)
 .comment       0x0000000000000030        0x0 build_dir/port_linux.o
                                         0x16 (size before relaxing)
 .comment       0x0000000000000030        0x0 ./libmyekfsoc.a(sox.o)
                                         0x16 (size before relaxing)
 .comment       0x0000000000000030        0x0 ./libmyekfsoc.a(soc.o)
                                         0x16 (size before relaxing)
 .comment       0x0000000000000030        0x0 ./libmyekfsoc.a(curve.o)
                                         0x16 (size before relaxing)
 .comment       0x0000000000000030        0x0 ./libmyekfsoc.a(soh.o)
                                         0x16 (size before relaxing)
 .comment       0x0000000000000030        0x0 ./libmyekfsoc.a(soe.o)
                                         0x16 (size before relaxing)
 .comment       0x0000000000000030        0x0 ./libmyekfsoc.a(common.o)
                                         0x16 (size before relaxing)
 .comment       0x0000000000000030        0x0 /usr/bin/../lib64/gcc/x86_64-pc-linux-gnu/15.2.1/crtendS.o
                                         0x1c (size before relaxing)

.gnu.build.attributes
 *(.gnu.build.attributes .gnu.build.attributes.*)

.debug
 *(.debug)

.line
 *(.line)

.debug_srcinfo
 *(.debug_srcinfo)

.debug_sfnames
 *(.debug_sfnames)

.debug_aranges
 *(.debug_aranges)

.debug_pubnames
 *(.debug_pubnames)

.debug_info     0x0000000000000000     0x270c
 *(.debug_info .gnu.linkonce.wi.*)
 .debug_info    0x0000000000000000      0x65b build_dir/test.o
 .debug_info    0x000000000000065b      0x480 build_dir/port_linux.o
 .debug_info    0x0000000000000adb      0x3c4 ./libmyekfsoc.a(sox.o)
 .debug_info    0x0000000000000e9f      0xdf7 ./libmyekfsoc.a(soc.o)
 .debug_info    0x0000000000001c96      0x517 ./libmyekfsoc.a(curve.o)
 .debug_info    0x00000000000021ad      0x22a ./libmyekfsoc.a(soh.o)
 .debug_info    0x00000000000023d7       0xe4 ./libmyekfsoc.a(soe.o)
 .debug_info    0x00000000000024bb      0x251 ./libmyekfsoc.a(common.o)

.debug_abbrev   0x0000000000000000      0x726
 *(.debug_abbrev)
 .debug_abbrev  0x0000000000000000      0x108 build_dir/test.o
 .debug_abbrev  0x0000000000000108      0x10d build_dir/port_linux.o
 .debug_abbrev  0x0000000000000215       0xff ./libmyekfsoc.a(sox.o)
 .debug_abbrev  0x0000000000000314      0x1b9 ./libmyekfsoc.a(soc.o)
 .debug_abbrev  0x00000000000004cd       0x7c ./libmyekfsoc.a(curve.o)
 .debug_abbrev  0x0000000000000549       0xad ./libmyekfsoc.a(soh.o)
 .debug_abbrev  0x00000000000005f6       0x89 ./libmyekfsoc.a(soe.o)
 .debug_abbrev  0x000000000000067f       0xa7 ./libmyekfsoc.a(common.o)

.debug_line     0x0000000000000000     0x3164
 *(.debug_line .debug_line.* .debug_line_end)
 .debug_line    0x0000000000000000      0x515 build_dir/test.o
 .debug_line    0x0000000000000515      0x2c5 build_dir/port_linux.o
 .debug_line    0x00000000000007da      0x406 ./libmyekfsoc.a(sox.o)
 .debug_line    0x0000000000000be0     0x1a72 ./libmyekfsoc.a(soc.o)
 .debug_line    0x0000000000002652       0x86 ./libmyekfsoc.a(curve.o)
 .debug_line    0x00000000000026d8      0x3f7 ./libmyekfsoc.a(soh.o)
 .debug_line    0x0000000000002acf      0x2aa ./libmyekfsoc.a(soe.o)
 .debug_line    0x0000000000002d79      0x3eb ./libmyekfsoc.a(common.o)

.debug_frame
 *(.debug_frame)

.debug_str      0x0000000000000000     0x12b4
 *(.debug_str)
 .debug_str     0x0000000000000000     0x12b4 build_dir/test.o
                                        0x4cf (size before relaxing)
 .debug_str     0x00000000000012b4        0x0 build_dir/port_linux.o
                                        0x40f (size before relaxing)
 .debug_str     0x00000000000012b4        0x0 ./libmyekfsoc.a(sox.o)
                                        0x361 (size before relaxing)
 .debug_str     0x00000000000012b4        0x0 ./libmyekfsoc.a(soc.o)
                                        0x66e (size before relaxing)
 .debug_str     0x00000000000012b4        0x0 ./libmyekfsoc.a(curve.o)
                                        0x50e (size before relaxing)
 .debug_str     0x00000000000012b4        0x0 ./libmyekfsoc.a(soh.o)
                                        0x1a7 (size before relaxing)
 .debug_str     0x00000000000012b4        0x0 ./libmyekfsoc.a(soe.o)
                                         0xf0 (size before relaxing)
 .debug_str     0x00000000000012b4        0x0 ./libmyekfsoc.a(common.o)
                                        0x134 (size before relaxing)

.debug_loc
 *(.debug_loc)

.debug_macinfo
 *(.debug_macinfo)

.debug_weaknames
 *(.debug_weaknames)

.debug_funcnames
 *(.debug_funcnames)

.debug_typenames
 *(.debug_typenames)

.debug_varnames
 *(.debug_varnames)

.debug_pubtypes
 *(.debug_pubtypes)

.debug_ranges
 *(.debug_ranges)

.debug_addr     0x0000000000000000      0xa48
 *(.debug_addr)
 .debug_addr    0x0000000000000000      0x108 build_dir/test.o
 .debug_addr    0x0000000000000108       0xd0 build_dir/port_linux.o
 .debug_addr    0x00000000000001d8      0x150 ./libmyekfsoc.a(sox.o)
 .debug_addr    0x0000000000000328      0x2a8 ./libmyekfsoc.a(soc.o)
 .debug_addr    0x00000000000005d0      0x308 ./libmyekfsoc.a(curve.o)
 .debug_addr    0x00000000000008d8       0x90 ./libmyekfsoc.a(soh.o)
 .debug_addr    0x0000000000000968       0x50 ./libmyekfsoc.a(soe.o)
 .debug_addr    0x00000000000009b8       0x90 ./libmyekfsoc.a(common.o)

.debug_line_str
                0x0000000000000000      0x13f
 *(.debug_line_str)
 .debug_line_str
                0x0000000000000000      0x13f build_dir/test.o
                                         0xdb (size before relaxing)
 .debug_line_str
                0x000000000000013f        0x0 build_dir/port_linux.o
                                         0x92 (size before relaxing)
 .debug_line_str
                0x000000000000013f        0x0 ./libmyekfsoc.a(sox.o)
                                         0x6d (size before relaxing)
 .debug_line_str
                0x000000000000013f        0x0 ./libmyekfsoc.a(soc.o)
                                         0x99 (size before relaxing)
 .debug_line_str
                0x000000000000013f        0x0 ./libmyekfsoc.a(curve.o)
                                         0x62 (size before relaxing)
 .debug_line_str
                0x000000000000013f        0x0 ./libmyekfsoc.a(soh.o)
                                         0x8c (size before relaxing)
 .debug_line_str
                0x000000000000013f        0x0 ./libmyekfsoc.a(soe.o)
                                         0x60 (size before relaxing)
 .debug_line_str
                0x000000000000013f        0x0 ./libmyekfsoc.a(common.o)
                                         0x81 (size before relaxing)

.debug_loclists
 *(.debug_loclists)

.debug_macro
 *(.debug_macro)

.debug_names
 *(.debug_names)

.debug_rnglists
                0x0000000000000000      0x135
 *(.debug_rnglists)
 .debug_rnglists
                0x0000000000000000       0x33 build_dir/port_linux.o
 .debug_rnglists
                0x0000000000000033       0x4d ./libmyekfsoc.a(sox.o)
 .debug_rnglists
                0x0000000000000080       0x56 ./libmyekfsoc.a(soc.o)
 .debug_rnglists
                0x00000000000000d6       0x1d ./libmyekfsoc.a(soh.o)
 .debug_rnglists
                0x00000000000000f3       0x1d ./libmyekfsoc.a(soe.o)
 .debug_rnglists
                0x0000000000000110       0x25 ./libmyekfsoc.a(common.o)

.debug_str_offsets
                0x0000000000000000      0xa40
 *(.debug_str_offsets)
 .debug_str_offsets
                0x0000000000000000      0x1bc build_dir/test.o
 .debug_str_offsets
                0x00000000000001bc      0x160 build_dir/port_linux.o
 .debug_str_offsets
                0x000000000000031c      0x144 ./libmyekfsoc.a(sox.o)
 .debug_str_offsets
                0x0000000000000460      0x2a0 ./libmyekfsoc.a(soc.o)
 .debug_str_offsets
                0x0000000000000700      0x1b0 ./libmyekfsoc.a(curve.o)
 .debug_str_offsets
                0x00000000000008b0       0xa8 ./libmyekfsoc.a(soh.o)
 .debug_str_offsets
                0x0000000000000958       0x64 ./libmyekfsoc.a(soe.o)
 .debug_str_offsets
                0x00000000000009bc       0x84 ./libmyekfsoc.a(common.o)

.debug_sup
 *(.debug_sup)

.gnu.attributes
 *(.gnu.attributes)

/DISCARD/
 *(.note.GNU-stack)
 *(.gnu_debuglink)
 *(.gnu.lto_*)
 *(.gnu_object_only)
OUTPUT(mysoc elf64-x86-64)
